node:internal/fs/watchers:323
    const error = new UVException({
                  ^

Error: EBUSY: resource busy or locked, watch 'C:\Users\Qvazar\Documents\cryptoimg-desktop (4)\release\cryptoimg_data\session\Network\Cookies'
    at FSWatcher.<computed> (node:internal/fs/watchers:323:19)
    at Object.watch (node:fs:2609:36)
    at createFsWatchInstance (file:///C:/Users/Qvazar/Documents/cryptoimg-desktop%20(4)/node_modules/vite/dist/node/chunks/dep-Dm0c1Wj2.js:22195:17)
    at setFsWatchListener (file:///C:/Users/Qvazar/Documents/cryptoimg-desktop%20(4)/node_modules/vite/dist/node/chunks/dep-Dm0c1Wj2.js:22242:15)
    at NodeFsHandler._watchWithNodeFs (file:///C:/Users/Qvazar/Documents/cryptoimg-desktop%20(4)/node_modules/vite/dist/node/chunks/dep-Dm0c1Wj2.js:22397:14)
    at NodeFsHandler._handleFile (file:///C:/Users/Qvazar/Documents/cryptoimg-desktop%20(4)/node_modules/vite/dist/node/chunks/dep-Dm0c1Wj2.js:22461:23)
    at NodeFsHandler._addToNodeFs (file:///C:/Users/Qvazar/Documents/cryptoimg-desktop%20(4)/node_modules/vite/dist/node/chunks/dep-Dm0c1Wj2.js:22703:21)
Emitted 'error' event on FSWatcher instance at:
    at FSWatcher._handleError (file:///C:/Users/Qvazar/Documents/cryptoimg-desktop%20(4)/node_modules/vite/dist/node/chunks/dep-Dm0c1Wj2.js:23896:10)
    at NodeFsHandler._addToNodeFs (file:///C:/Users/Qvazar/Documents/cryptoimg-desktop%20(4)/node_modules/vite/dist/node/chunks/dep-Dm0c1Wj2.js:22711:18) {
  errno: -4082,
  syscall: 'watch',
  code: 'EBUSY',
  path: 'C:\\Users\\Qvazar\\Documents\\cryptoimg-desktop (4)\\release\\cryptoimg_data\\session\\Network\\Cookies',
  filename: 'C:\\Users\\Qvazar\\Documents\\cryptoimg-desktop (4)\\release\\cryptoimg_data\\session\\Network\\Cookies'
}

Node.js v24.19.0
